NGEN 154
T 1 = 0
T 2 = 0
T 3 = 0
T 4 = 0
T 5 = 0
T 6 = -5/(162*c0^2*c9^5-108*c0*c1*c8*c9^4+18*c1^2*c8^2*c9^3)*a20
T 7 = 0
T 8 = 45/(54*c0^3*c8^3*c9^3-54*c0^2*c1*c8^4*c9^2+18*c0*c1^2*c8^5*c9-2*c1^3*c8^6)*a2*a19-45/(54*c0^3*c8^2*c9^4-54*c0^2*c1*c8^3*c9^3+18*c0*c1^2*c8^4*c9^2-2*c1^3*c8^5*c9)*a3*a19-30/(27*c0^3*c8^2*c9^4-27*c0^2*c1*c8^3*c9^3+9*c0*c1^2*c8^4*c9^2-c1^3*c8^5*c9)*a2*a20+30/(27*c0^3*c8*c9^5-27*c0^2*c1*c8^2*c9^4+9*c0*c1^2*c8^3*c9^3-c1^3*c8^4*c9^2)*a3*a20+(73*c5)/(54*c0^2*c8^3*c9^3-36*c0*c1*c8^4*c9^2+6*c1^2*c8^5*c9)*a19+(-145*c5)/(81*c0^2*c8^2*c9^4-54*c0*c1*c8^3*c9^3+9*c1^2*c8^4*c9^2)*a20
T 9 = -15/(54*c0^3*c8^2*c9^4-54*c0^2*c1*c8^3*c9^3+18*c0*c1^2*c8^4*c9^2-2*c1^3*c8^5*c9)*a2*a19+15/(54*c0^3*c8*c9^5-54*c0^2*c1*c8^2*c9^4+18*c0*c1^2*c8^3*c9^3-2*c1^3*c8^4*c9^2)*a3*a19+10/(27*c0^3*c8*c9^5-27*c0^2*c1*c8^2*c9^4+9*c0*c1^2*c8^3*c9^3-c1^3*c8^4*c9^2)*a2*a20-10/(27*c0^3*c9^6-27*c0^2*c1*c8*c9^5+9*c0*c1^2*c8^2*c9^4-c1^3*c8^3*c9^3)*a3*a20+(-37*c5)/(81*c0^2*c8^2*c9^4-54*c0*c1*c8^3*c9^3+9*c1^2*c8^4*c9^2)*a19+(295*c5)/(486*c0^2*c8*c9^5-324*c0*c1*c8^2*c9^4+54*c1^2*c8^3*c9^3)*a20
T 10 = 5/(162*c0^3*c8*c9^5-162*c0^2*c1*c8^2*c9^4+54*c0*c1^2*c8^3*c9^3-6*c1^3*c8^4*c9^2)*a2*a19-5/(162*c0^3*c9^6-162*c0^2*c1*c8*c9^5+54*c0*c1^2*c8^2*c9^4-6*c1^3*c8^3*c9^3)*a3*a19-10/(243*c0^3*c9^6-243*c0^2*c1*c8*c9^5+81*c0*c1^2*c8^2*c9^4-9*c1^3*c8^3*c9^3)*a2*a20+(10*c8)/(243*c0^3*c9^7-243*c0^2*c1*c8*c9^6+81*c0*c1^2*c8^2*c9^5-9*c1^3*c8^3*c9^4)*a3*a20+5/(486*c0^2*c9^5-324*c0*c1*c8*c9^4+54*c1^2*c8^2*c9^3)*a14+(4*c5)/(81*c0^2*c8*c9^5-54*c0*c1*c8^2*c9^4+9*c1^2*c8^3*c9^3)*a19+(-65*c5)/(729*c0^2*c9^6-486*c0*c1*c8*c9^5+81*c1^2*c8^2*c9^4)*a20+(-3*c1*c9+c5^2)/(243*c0^2*c9^5-162*c0*c1*c8*c9^4+27*c1^2*c8^2*c9^3)
T 11 = (81*c9^3)/(108*c0^3*c8^6*c9^3-108*c0^2*c1*c8^7*c9^2+36*c0*c1^2*c8^8*c9-4*c1^3*c8^9)*a2*a10+(-81*c9^2)/(108*c0^3*c8^5*c9^3-108*c0^2*c1*c8^6*c9^2+36*c0*c1^2*c8^7*c9-4*c1^3*c8^8)*a3*a10+(-729*c9^4)/(108*c0^3*c8^7*c9^3-108*c0^2*c1*c8^8*c9^2+36*c0*c1^2*c8^9*c9-4*c1^3*c8^10)*a2*a11+(729*c9^3)/(108*c0^3*c8^6*c9^3-108*c0^2*c1*c8^7*c9^2+36*c0*c1^2*c8^8*c9-4*c1^3*c8^9)*a3*a11+(729*c5*c9^4)/(54*c0^3*c8^8*c9^3-54*c0^2*c1*c8^9*c9^2+18*c0*c1^2*c8^10*c9-2*c1^3*c8^11)*a2*a17+(-729*c5*c9^3)/(54*c0^3*c8^7*c9^3-54*c0^2*c1*c8^8*c9^2+18*c0*c1^2*c8^9*c9-2*c1^3*c8^10)*a3*a17+(27*c5*c9)/(27*c0^3*c8^5*c9^3-27*c0^2*c1*c8^6*c9^2+9*c0*c1^2*c8^7*c9-c1^3*c8^8)*a2*a19+(-27*c5)/(27*c0^3*c8^4*c9^3-27*c0^2*c1*c8^5*c9^2+9*c0*c1^2*c8^6*c9-c1^3*c8^7)*a3*a19+(-45*c5)/(54*c0^3*c8^4*c9^3-54*c0^2*c1*c8^5*c9^2+18*c0*c1^2*c8^6*c9-2*c1^3*c8^7)*a2*a20+(45*c5)/(54*c0^3*c8^3*c9^4-54*c0^2*c1*c8^4*c9^3+18*c0*c1^2*c8^5*c9^2-2*c1^3*c8^6*c9)*a3*a20+(405*c0*c9^3-54*c1*c8*c9^2-27*c5^2*c8*c9)/(108*c0^3*c8^5*c9^3-108*c0^2*c1*c8^6*c9^2+36*c0*c1^2*c8^7*c9-4*c1^3*c8^8)*a2+(-405*c0*c9^2+54*c1*c8*c9+27*c5^2*c8)/(108*c0^3*c8^4*c9^3-108*c0^2*c1*c8^5*c9^2+36*c0*c1^2*c8^6*c9-4*c1^3*c8^7)*a3+(45*c5*c9^2)/(36*c0^2*c8^6*c9^2-24*c0*c1*c8^7*c9+4*c1^2*c8^8)*a10+(-189*c5*c9^3)/(18*c0^2*c8^7*c9^2-12*c0*c1*c8^8*c9+2*c1^2*c8^9)*a11+(189*c5^2*c9^3)/(9*c0^2*c8^8*c9^2-6*c0*c1*c8^9*c9+c1^2*c8^10)*a17+(14*c5^2)/(9*c0^2*c8^5*c9^2-6*c0*c1*c8^6*c9+c1^2*c8^7)*a19+(-35*c5^2)/(27*c0^2*c8^4*c9^3-18*c0*c1*c8^5*c9^2+3*c1^2*c8^6*c9)*a20+(108*c0*c5*c9^2-15*c1*c5*c8*c9-7*c5^3*c8)/(18*c0^2*c8^5*c9^2-12*c0*c1*c8^6*c9+2*c1^2*c8^7)
T 12 = 0
T 13 = (9*c9)/(54*c0^3*c8^4*c9^3-54*c0^2*c1*c8^5*c9^2+18*c0*c1^2*c8^6*c9-2*c1^3*c8^7)*a2*a10-9/(54*c0^3*c8^3*c9^3-54*c0^2*c1*c8^4*c9^2+18*c0*c1^2*c8^5*c9-2*c1^3*c8^6)*a3*a10+(-81*c9^2)/(54*c0^3*c8^5*c9^3-54*c0^2*c1*c8^6*c9^2+18*c0*c1^2*c8^7*c9-2*c1^3*c8^8)*a2*a11+(81*c9)/(54*c0^3*c8^4*c9^3-54*c0^2*c1*c8^5*c9^2+18*c0*c1^2*c8^6*c9-2*c1^3*c8^7)*a3*a11+(243*c9^3)/(27*c0^3*c8^6*c9^3-27*c0^2*c1*c8^7*c9^2+9*c0*c1^2*c8^8*c9-c1^3*c8^9)*a2*a12+(-243*c9^2)/(27*c0^3*c8^5*c9^3-27*c0^2*c1*c8^6*c9^2+9*c0*c1^2*c8^7*c9-c1^3*c8^8)*a3*a12+(-1215*c5*c9^3)/(54*c0^3*c8^7*c9^3-54*c0^2*c1*c8^8*c9^2+18*c0*c1^2*c8^9*c9-2*c1^3*c8^10)*a2*a18+(1215*c5*c9^2)/(54*c0^3*c8^6*c9^3-54*c0^2*c1*c8^7*c9^2+18*c0*c1^2*c8^8*c9-2*c1^3*c8^9)*a3*a18+(-6*c5)/(27*c0^3*c8^3*c9^4-27*c0^2*c1*c8^4*c9^3+9*c0*c1^2*c8^5*c9^2-c1^3*c8^6*c9)*a2*a19+(6*c5)/(27*c0^3*c8^2*c9^5-27*c0^2*c1*c8^3*c9^4+9*c0*c1^2*c8^4*c9^3-c1^3*c8^5*c9^2)*a3*a19+(10*c5)/(27*c0^3*c8^2*c9^5-27*c0^2*c1*c8^3*c9^4+9*c0*c1^2*c8^4*c9^3-c1^3*c8^5*c9^2)*a2*a20+(-10*c5)/(27*c0^3*c8*c9^6-27*c0^2*c1*c8^2*c9^5+9*c0*c1^2*c8^3*c9^4-c1^3*c8^4*c9^3)*a3*a20+3/(18*c0^2*c8^3*c9^2-12*c0*c1*c8^4*c9+2*c1^2*c8^5)*a2-3/(18*c0^2*c8^2*c9^3-12*c0*c1*c8^3*c9^2+2*c1^2*c8^4*c9)*a3+(5*c5)/(18*c0^2*c8^4*c9^2-12*c0*c1*c8^5*c9+2*c1^2*c8^6)*a10+(-87*c5*c9)/(36*c0^2*c8^5*c9^2-24*c0*c1*c8^6*c9+4*c1^2*c8^7)*a11+(126*c5*c9^2)/(9*c0^2*c8^6*c9^2-6*c0*c1*c8^7*c9+c1^2*c8^8)*a12+(-315*c5^2*c9^2)/(9*c0^2*c8^7*c9^2-6*c0*c1*c8^8*c9+c1^2*c8^9)*a18+(-59*c5^2)/(162*c0^2*c8^3*c9^4-108*c0*c1*c8^4*c9^3+18*c1^2*c8^5*c9^2)*a19+(145*c5^2)/(243*c0^2*c8^2*c9^5-162*c0*c1*c8^3*c9^4+27*c1^2*c8^4*c9^3)*a20+(5*c5)/(18*c0*c8^3*c9^2-6*c1*c8^4*c9)
T 14 = 1/(108*c0^3*c8^3*c9^3-108*c0^2*c1*c8^4*c9^2+36*c0*c1^2*c8^5*c9-4*c1^3*c8^6)*a2*a10-1/(108*c0^3*c8^2*c9^4-108*c0^2*c1*c8^3*c9^3+36*c0*c1^2*c8^4*c9^2-4*c1^3*c8^5*c9)*a3*a10+(-9*c9)/(108*c0^3*c8^4*c9^3-108*c0^2*c1*c8^5*c9^2+36*c0*c1^2*c8^6*c9-4*c1^3*c8^7)*a2*a11+9/(108*c0^3*c8^3*c9^3-108*c0^2*c1*c8^4*c9^2+36*c0*c1^2*c8^5*c9-4*c1^3*c8^6)*a3*a11+(27*c9^2)/(54*c0^3*c8^5*c9^3-54*c0^2*c1*c8^6*c9^2+18*c0*c1^2*c8^7*c9-2*c1^3*c8^8)*a2*a12+(-27*c9)/(54*c0^3*c8^4*c9^3-54*c0^2*c1*c8^5*c9^2+18*c0*c1^2*c8^6*c9-2*c1^3*c8^7)*a3*a12+(-9*c5*c9)/(54*c0^3*c8^5*c9^3-54*c0^2*c1*c8^6*c9^2+18*c0*c1^2*c8^7*c9-2*c1^3*c8^8)*a2*a17+(9*c5)/(54*c0^3*c8^4*c9^3-54*c0^2*c1*c8^5*c9^2+18*c0*c1^2*c8^6*c9-2*c1^3*c8^7)*a3*a17+(135*c5*c9^2)/(54*c0^3*c8^6*c9^3-54*c0^2*c1*c8^7*c9^2+18*c0*c1^2*c8^8*c9-2*c1^3*c8^9)*a2*a18+(-135*c5*c9)/(54*c0^3*c8^5*c9^3-54*c0^2*c1*c8^6*c9^2+18*c0*c1^2*c8^7*c9-2*c1^3*c8^8)*a3*a18+(3*c5)/(54*c0^3*c8^2*c9^5-54*c0^2*c1*c8^3*c9^4+18*c0*c1^2*c8^4*c9^3-2*c1^3*c8^5*c9^2)*a2*a19+(-3*c5)/(54*c0^3*c8*c9^6-54*c0^2*c1*c8^2*c9^5+18*c0*c1^2*c8^3*c9^4-2*c1^3*c8^4*c9^3)*a3*a19+(-35*c5)/(486*c0^3*c8*c9^6-486*c0^2*c1*c8^2*c9^5+162*c0*c1^2*c8^3*c9^4-18*c1^3*c8^4*c9^3)*a2*a20+(35*c5)/(486*c0^3*c9^7-486*c0^2*c1*c8*c9^6+162*c0*c1^2*c8^2*c9^5-18*c1^3*c8^3*c9^4)*a3*a20+(5*c5)/(324*c0^2*c8^3*c9^3-216*c0*c1*c8^4*c9^2+36*c1^2*c8^5*c9)*a10+(-5*c5)/(36*c0^2*c8^4*c9^2-24*c0*c1*c8^5*c9+4*c1^2*c8^6)*a11+(15*c5*c9)/(18*c0^2*c8^5*c9^2-12*c0*c1*c8^6*c9+2*c1^2*c8^7)*a12+(-7*c5^2)/(27*c0^2*c8^5*c9^2-18*c0*c1*c8^6*c9+3*c1^2*c8^7)*a17+(35*c5^2*c9)/(9*c0^2*c8^6*c9^2-6*c0*c1*c8^7*c9+c1^2*c8^8)*a18+(133*c5^2)/(1458*c0^2*c8^2*c9^5-972*c0*c1*c8^3*c9^4+162*c1^2*c8^4*c9^3)*a19+(-515*c5^2)/(4374*c0^2*c8*c9^6-2916*c0*c1*c8^2*c9^5+486*c1^2*c8^3*c9^4)*a20
T 15 = 11/(108*c0^3*c8^2*c9^3-108*c0^2*c1*c8^3*c9^2+36*c0*c1^2*c8^4*c9-4*c1^3*c8^5)*a2*a10-11/(108*c0^3*c8*c9^4-108*c0^2*c1*c8^2*c9^3+36*c0*c1^2*c8^3*c9^2-4*c1^3*c8^4*c9)*a3*a10+(-99*c9)/(108*c0^3*c8^3*c9^3-108*c0^2*c1*c8^4*c9^2+36*c0*c1^2*c8^5*c9-4*c1^3*c8^6)*a2*a11+99/(108*c0^3*c8^2*c9^3-108*c0^2*c1*c8^3*c9^2+36*c0*c1^2*c8^4*c9-4*c1^3*c8^5)*a3*a11+(297*c9^2)/(54*c0^3*c8^4*c9^3-54*c0^2*c1*c8^5*c9^2+18*c0*c1^2*c8^6*c9-2*c1^3*c8^7)*a2*a12+(-297*c9)/(54*c0^3*c8^3*c9^3-54*c0^2*c1*c8^4*c9^2+18*c0*c1^2*c8^5*c9-2*c1^3*c8^6)*a3*a12+(-45*c5*c9)/(54*c0^3*c8^4*c9^3-54*c0^2*c1*c8^5*c9^2+18*c0*c1^2*c8^6*c9-2*c1^3*c8^7)*a2*a17+(45*c5)/(54*c0^3*c8^3*c9^3-54*c0^2*c1*c8^4*c9^2+18*c0*c1^2*c8^5*c9-2*c1^3*c8^6)*a3*a17+(135*c5*c9^2)/(27*c0^3*c8^5*c9^3-27*c0^2*c1*c8^6*c9^2+9*c0*c1^2*c8^7*c9-c1^3*c8^8)*a2*a18+(-135*c5*c9)/(27*c0^3*c8^4*c9^3-27*c0^2*c1*c8^5*c9^2+9*c0*c1^2*c8^6*c9-c1^3*c8^7)*a3*a18+(-17*c5)/(162*c0^3*c8*c9^5-162*c0^2*c1*c8^2*c9^4+54*c0*c1^2*c8^3*c9^3-6*c1^3*c8^4*c9^2)*a2*a19+(17*c5)/(162*c0^3*c9^6-162*c0^2*c1*c8*c9^5+54*c0*c1^2*c8^2*c9^4-6*c1^3*c8^3*c9^3)*a3*a19+(55*c5)/(486*c0^3*c9^6-486*c0^2*c1*c8*c9^5+162*c0*c1^2*c8^2*c9^4-18*c1^3*c8^3*c9^3)*a2*a20+(-55*c5*c8)/(486*c0^3*c9^7-486*c0^2*c1*c8*c9^6+162*c0*c1^2*c8^2*c9^5-18*c1^3*c8^3*c9^4)*a3*a20+1/(18*c0^2*c8*c9^3-12*c0*c1*c8^2*c9^2+2*c1^2*c8^3*c9)*a2-1/(27*c0^2*c9^4-18*c0*c1*c8*c9^3+3*c1^2*c8^2*c9^2)*a3+(55*c5)/(324*c0^2*c8^2*c9^3-216*c0*c1*c8^3*c9^2+36*c1^2*c8^4*c9)*a10+(-27*c5)/(18*c0^2*c8^3*c9^2-12*c0*c1*c8^4*c9+2*c1^2*c8^5)*a11+(159*c5*c9)/(18*c0^2*c8^4*c9^2-12*c0*c1*c8^5*c9+2*c1^2*c8^6)*a12+(17*c5)/(486*c0^2*c9^5-324*c0*c1*c8*c9^4+54*c1^2*c8^2*c9^3)*a14+(-35*c5^2)/(27*c0^2*c8^4*c9^2-18*c0*c1*c8^5*c9+3*c1^2*c8^6)*a17+(70*c5^2*c9)/(9*c0^2*c8^5*c9^2-6*c0*c1*c8^6*c9+c1^2*c8^7)*a18+(-247*c5^2)/(1458*c0^2*c8*c9^5-972*c0*c1*c8^2*c9^4+162*c1^2*c8^3*c9^3)*a19+(905*c5^2)/(4374*c0^2*c9^6-2916*c0*c1*c8*c9^5+486*c1^2*c8^2*c9^4)*a20+(45*c0*c5*c9^2-21*c1*c5*c8*c9-54*c2*c8*c9^2+4*c5^3*c8)/(486*c0^2*c8*c9^5-324*c0*c1*c8^2*c9^4+54*c1^2*c8^3*c9^3)
T 16 = 0
T 17 = 0
T 18 = 0
T 19 = 0
T 20 = 0
T 21 = 0
T 22 = 0
T 23 = 0
T 24 = 0
T 25 = 0
T 26 = 0
T 27 = 0
T 28 = 0
T 29 = 0
T 30 = 1/(324*c0^2*c9^4-216*c0*c1*c8*c9^3+36*c1^2*c8^2*c9^2)
T 31 = (-81*c9^3)/(108*c0^3*c8^5*c9^3-108*c0^2*c1*c8^6*c9^2+36*c0*c1^2*c8^7*c9-4*c1^3*c8^8)*a2+(81*c9^2)/(108*c0^3*c8^4*c9^3-108*c0^2*c1*c8^5*c9^2+36*c0*c1^2*c8^6*c9-4*c1^3*c8^7)*a3+(-45*c5*c9^2)/(36*c0^2*c8^5*c9^2-24*c0*c1*c8^6*c9+4*c1^2*c8^7)
T 32 = 0
T 33 = 0
T 34 = 0
T 35 = 0
T 36 = 0
T 37 = 0
T 38 = 0
T 39 = 0
T 40 = 0
T 41 = 0
T 42 = 0
T 43 = (3*c5)/(54*c0^3*c9^4-54*c0^2*c1*c8*c9^3+18*c0*c1^2*c8^2*c9^2-2*c1^3*c8^3*c9)*a2+(-3*c5*c8)/(54*c0^3*c9^5-54*c0^2*c1*c8*c9^4+18*c0*c1^2*c8^2*c9^3-2*c1^3*c8^3*c9^2)*a3+(-24*c1*c9+5*c5^2)/(324*c0^2*c9^4-216*c0*c1*c8*c9^3+36*c1^2*c8^2*c9^2)
T 44 = 0
T 45 = 0
T 46 = 0
T 47 = 0
T 48 = 0
T 49 = 0
T 50 = 0
T 51 = 0
T 52 = 0
T 53 = 0
T 54 = 0
T 55 = 0
T 56 = 0
T 57 = 0
T 58 = 0
T 59 = 0
T 60 = 0
T 61 = 0
T 62 = 0
T 63 = 0
T 64 = 0
T 65 = 0
T 66 = 0
T 67 = 0
T 68 = 0
T 69 = 0
T 70 = 0
T 71 = 0
T 72 = 0
T 73 = 0
T 74 = 0
T 75 = 0
T 76 = 0
T 77 = 0
T 78 = 0
T 79 = 1/(81*c0^2*c9^5-54*c0*c1*c8*c9^4+9*c1^2*c8^2*c9^3)
T 80 = (-27*c9)/(108*c0^3*c8^8*c9^3-108*c0^2*c1*c8^9*c9^2+36*c0*c1^2*c8^10*c9-4*c1^3*c8^11)*a2+27/(108*c0^3*c8^7*c9^3-108*c0^2*c1*c8^8*c9^2+36*c0*c1^2*c8^9*c9-4*c1^3*c8^10)*a3+(-7*c5)/(18*c0^2*c8^8*c9^2-12*c0*c1*c8^9*c9+2*c1^2*c8^10)
T 81 = 0
T 82 = 0
T 83 = 0
T 84 = 0
T 85 = 0
T 86 = 0
T 87 = 0
T 88 = 0
T 89 = 0
T 90 = 0
T 91 = 0
T 92 = 0
T 93 = 0
T 94 = 0
T 95 = 0
T 96 = 0
T 97 = 0
T 98 = 0
T 99 = 0
T 100 = 0
T 101 = 0
T 102 = 0
T 103 = 0
T 104 = 0
T 105 = 0
T 106 = 0
T 107 = 0
T 108 = 0
T 109 = 0
T 110 = 0
T 111 = 0
T 112 = 0
T 113 = 0
T 114 = 0
T 115 = 0
T 116 = 0
T 117 = 0
T 118 = 0
T 119 = 0
T 120 = 0
T 121 = 0
T 122 = 0
T 123 = 0
T 124 = 0
T 125 = 0
T 126 = 0
T 127 = 0
T 128 = 0
T 129 = 0
T 130 = 0
T 131 = 0
T 132 = 0
T 133 = 0
T 134 = 0
T 135 = 0
T 136 = 0
T 137 = 0
T 138 = 0
T 139 = 0
T 140 = 0
T 141 = 0
T 142 = 0
T 143 = 0
T 144 = 0
T 145 = 0
T 146 = 0
T 147 = 0
T 148 = 0
T 149 = 0
T 150 = 0
T 151 = 0
T 152 = 0
T 153 = 0
T 154 = 23/(324*c0^2*c9^4-216*c0*c1*c8*c9^3+36*c1^2*c8^2*c9^2)
SELFCHECK 1
