NGEN 149
T 1 = -2/(24*c0^3*c5^3-36*c0^2*c1*c4*c5^2+18*c0*c1^2*c4^2*c5-3*c1^3*c4^3)*a2+(c4)/(8*c0^3*c5^4-12*c0^2*c1*c4*c5^3+6*c0*c1^2*c4^2*c5^2-c1^3*c4^3*c5)*a3-8/(12*c0^2*c5^2-12*c0*c1*c4*c5+3*c1^2*c4^2)
T 2 = -2/(24*c0^3*c5^3-36*c0^2*c1*c4*c5^2+18*c0*c1^2*c4^2*c5-3*c1^3*c4^3)*a6
T 3 = 2/(24*c0^3*c5^3-36*c0^2*c1*c4*c5^2+18*c0*c1^2*c4^2*c5-3*c1^3*c4^3)*a5+(-c4)/(24*c0^3*c5^4-36*c0^2*c1*c4*c5^3+18*c0*c1^2*c4^2*c5^2-3*c1^3*c4^3*c5)*a6
T 4 = 0
T 5 = 0
T 6 = 0
T 7 = 0
T 8 = 0
T 9 = 0
T 10 = 0
T 11 = 0
T 12 = (2*c5)/(24*c0^3*c5^3-36*c0^2*c1*c4*c5^2+18*c0*c1^2*c4^2*c5-3*c1^3*c4^3)
T 13 = (-c4)/(24*c0^3*c5^3-36*c0^2*c1*c4*c5^2+18*c0*c1^2*c4^2*c5-3*c1^3*c4^3)
T 14 = 0
T 15 = 0
T 16 = 0
T 17 = 0
T 18 = 0
T 19 = 0
T 20 = 0
T 21 = 0
T 22 = 0
T 23 = 0
T 24 = 0
T 25 = 0
T 26 = 0
T 27 = 0
T 28 = 0
T 29 = 0
T 30 = 0
T 31 = 0
T 32 = 0
T 33 = 0
T 34 = 0
T 35 = 0
T 36 = 0
T 37 = 0
T 38 = 0
T 39 = 0
T 40 = 0
T 41 = 0
T 42 = 0
T 43 = 0
T 44 = 0
T 45 = 0
T 46 = 0
T 47 = 0
T 48 = 0
T 49 = 0
T 50 = 0
T 51 = 0
T 52 = 0
T 53 = 0
T 54 = 0
T 55 = 0
T 56 = 0
T 57 = 0
T 58 = 0
T 59 = 0
T 60 = 0
T 61 = 0
T 62 = 0
T 63 = 0
T 64 = 0
T 65 = 0
T 66 = 0
T 67 = 0
T 68 = 0
T 69 = 0
T 70 = 0
T 71 = 0
T 72 = 0
T 73 = 0
T 74 = 0
T 75 = 0
T 76 = 0
T 77 = 0
T 78 = 0
T 79 = 0
T 80 = 0
T 81 = 0
T 82 = 0
T 83 = 0
T 84 = 0
T 85 = 0
T 86 = 0
T 87 = 0
T 88 = 0
T 89 = 0
T 90 = 0
T 91 = 0
T 92 = 0
T 93 = 0
T 94 = 0
T 95 = 0
T 96 = 0
T 97 = 0
T 98 = 0
T 99 = 0
T 100 = 0
T 101 = 0
T 102 = 0
T 103 = 0
T 104 = 0
T 105 = 0
T 106 = 0
T 107 = 0
T 108 = 0
T 109 = 0
T 110 = 0
T 111 = 0
T 112 = 0
T 113 = 0
T 114 = 0
T 115 = 0
T 116 = 0
T 117 = 0
T 118 = 0
T 119 = 0
T 120 = 0
T 121 = 0
T 122 = 0
T 123 = 0
T 124 = 0
T 125 = 0
T 126 = 0
T 127 = 0
T 128 = 0
T 129 = 0
T 130 = 0
T 131 = 0
T 132 = 0
T 133 = 0
T 134 = 0
T 135 = 0
T 136 = 0
T 137 = 0
T 138 = 0
T 139 = 0
T 140 = 0
T 141 = 0
T 142 = 0
T 143 = 0
T 144 = 0
T 145 = 0
T 146 = 0
T 147 = 0
T 148 = 0
T 149 = 0
SELFCHECK 1
